2025-07-15 09:29:38 | INFO     | __main__:<module>:39 | >>>>> stage Prepare Base Model started <<<<<<<
2025-07-15 09:29:38 | INFO     | cnnClassifier.utils.common:read_yaml:35 | YAML file read successfully from config/config.yaml
2025-07-15 09:29:38 | INFO     | cnnClassifier.utils.common:read_yaml:47 | YAML file content: {'artifacts_root': 'artifacts', 'data_ingestion': {'root_dir': 'artifacts/data_ingestion', 'source_URL': 'https://drive.google.com/file/d/1tQc-PGonSVSDtfL4HEsd30klq0gXxjqP/view?usp=sharing', 'source_URL_id': '1tQc-PGonSVSDtfL4HEsd30klq0gXxjqP', 'local_data_file': 'artifacts/data_ingestion/data.zip', 'unzip_dir': 'artifacts/data_ingestion'}, 'prepare_base_model': {'root_dir': 'artifacts/prepare_base_model', 'base_model_path': 'artifacts/prepare_base_model/base_model.h5', 'updated_base_model_path': 'artifacts/prepare_base_model/base_model_updated.h5'}, 'training': {'root_dir': 'artifacts/training', 'trained_model_path': 'artifacts/training/model.keras'}}
2025-07-15 09:29:38 | INFO     | cnnClassifier.utils.common:read_yaml:35 | YAML file read successfully from params.yaml
2025-07-15 09:29:38 | INFO     | cnnClassifier.utils.common:read_yaml:47 | YAML file content: {'AUGMENTATION': True, 'IMAGE_SIZE': [224, 224, 3], 'BATCH_SIZE': 16, 'INCLUDE_TOP': False, 'EPOCHS': 15, 'CLASSES': 3, 'WEIGHTS': 'imagenet', 'LEARNING_RATE': 0.01}
2025-07-15 09:29:38 | INFO     | cnnClassifier.utils.common:create_directories:68 | Created directory: artifacts
2025-07-15 09:29:38 | INFO     | cnnClassifier.utils.common:create_directories:68 | Created directory: artifacts/prepare_base_model
2025-07-15 09:29:39 | INFO     | __main__:<module>:42 | >>>>> stage Prepare Base Model completed <<<<<<<

x==========x
2025-07-15 09:29:39 | INFO     | __main__:<module>:50 | >>>>> stage Model Training started <<<<<<<
2025-07-15 09:29:39 | INFO     | cnnClassifier.utils.common:read_yaml:35 | YAML file read successfully from config/config.yaml
2025-07-15 09:29:39 | INFO     | cnnClassifier.utils.common:read_yaml:47 | YAML file content: {'artifacts_root': 'artifacts', 'data_ingestion': {'root_dir': 'artifacts/data_ingestion', 'source_URL': 'https://drive.google.com/file/d/1tQc-PGonSVSDtfL4HEsd30klq0gXxjqP/view?usp=sharing', 'source_URL_id': '1tQc-PGonSVSDtfL4HEsd30klq0gXxjqP', 'local_data_file': 'artifacts/data_ingestion/data.zip', 'unzip_dir': 'artifacts/data_ingestion'}, 'prepare_base_model': {'root_dir': 'artifacts/prepare_base_model', 'base_model_path': 'artifacts/prepare_base_model/base_model.h5', 'updated_base_model_path': 'artifacts/prepare_base_model/base_model_updated.h5'}, 'training': {'root_dir': 'artifacts/training', 'trained_model_path': 'artifacts/training/model.keras'}}
2025-07-15 09:29:39 | INFO     | cnnClassifier.utils.common:read_yaml:35 | YAML file read successfully from params.yaml
2025-07-15 09:29:39 | INFO     | cnnClassifier.utils.common:read_yaml:47 | YAML file content: {'AUGMENTATION': True, 'IMAGE_SIZE': [224, 224, 3], 'BATCH_SIZE': 16, 'INCLUDE_TOP': False, 'EPOCHS': 15, 'CLASSES': 3, 'WEIGHTS': 'imagenet', 'LEARNING_RATE': 0.01}
2025-07-15 09:29:39 | INFO     | cnnClassifier.utils.common:create_directories:68 | Created directory: artifacts
2025-07-15 09:29:39 | INFO     | cnnClassifier.utils.common:create_directories:68 | Created directory: artifacts/training
2025-07-15 09:39:20 | INFO     | __main__:<module>:53 | >>>>> stage Model Training completed <<<<<<<

x==========x
2025-07-15 09:39:20 | INFO     | __main__:<module>:61 | >>>>> stage Model Evaluation started <<<<<<<
2025-07-15 09:39:20 | INFO     | cnnClassifier.utils.common:read_yaml:35 | YAML file read successfully from config/config.yaml
2025-07-15 09:39:20 | INFO     | cnnClassifier.utils.common:read_yaml:47 | YAML file content: {'artifacts_root': 'artifacts', 'data_ingestion': {'root_dir': 'artifacts/data_ingestion', 'source_URL': 'https://drive.google.com/file/d/1tQc-PGonSVSDtfL4HEsd30klq0gXxjqP/view?usp=sharing', 'source_URL_id': '1tQc-PGonSVSDtfL4HEsd30klq0gXxjqP', 'local_data_file': 'artifacts/data_ingestion/data.zip', 'unzip_dir': 'artifacts/data_ingestion'}, 'prepare_base_model': {'root_dir': 'artifacts/prepare_base_model', 'base_model_path': 'artifacts/prepare_base_model/base_model.h5', 'updated_base_model_path': 'artifacts/prepare_base_model/base_model_updated.h5'}, 'training': {'root_dir': 'artifacts/training', 'trained_model_path': 'artifacts/training/model.keras'}}
2025-07-15 09:39:20 | INFO     | cnnClassifier.utils.common:read_yaml:35 | YAML file read successfully from params.yaml
2025-07-15 09:39:20 | INFO     | cnnClassifier.utils.common:read_yaml:47 | YAML file content: {'AUGMENTATION': True, 'IMAGE_SIZE': [224, 224, 3], 'BATCH_SIZE': 16, 'INCLUDE_TOP': False, 'EPOCHS': 15, 'CLASSES': 3, 'WEIGHTS': 'imagenet', 'LEARNING_RATE': 0.01}
2025-07-15 09:39:20 | INFO     | cnnClassifier.utils.common:create_directories:68 | Created directory: artifacts
2025-07-15 09:39:30 | INFO     | cnnClassifier.utils.common:save_json:81 | JSON file saved at scores.json
2025-07-15 09:39:30 | INFO     | cnnClassifier.utils.common:save_json:81 | JSON file saved at scores.json
2025-07-15 09:39:30 | INFO     | __main__:<module>:64 | >>>>> stage Model Evaluation completed <<<<<<<

x==========x
2025-07-15 09:40:25 | INFO     | __main__:<module>:39 | >>>>> stage Prepare Base Model started <<<<<<<
2025-07-15 09:40:25 | INFO     | cnnClassifier.utils.common:read_yaml:35 | YAML file read successfully from config/config.yaml
2025-07-15 09:40:25 | INFO     | cnnClassifier.utils.common:read_yaml:47 | YAML file content: {'artifacts_root': 'artifacts', 'data_ingestion': {'root_dir': 'artifacts/data_ingestion', 'source_URL': 'https://drive.google.com/file/d/1tQc-PGonSVSDtfL4HEsd30klq0gXxjqP/view?usp=sharing', 'source_URL_id': '1tQc-PGonSVSDtfL4HEsd30klq0gXxjqP', 'local_data_file': 'artifacts/data_ingestion/data.zip', 'unzip_dir': 'artifacts/data_ingestion'}, 'prepare_base_model': {'root_dir': 'artifacts/prepare_base_model', 'base_model_path': 'artifacts/prepare_base_model/base_model.h5', 'updated_base_model_path': 'artifacts/prepare_base_model/base_model_updated.h5'}, 'training': {'root_dir': 'artifacts/training', 'trained_model_path': 'artifacts/training/model.keras'}}
2025-07-15 09:40:25 | INFO     | cnnClassifier.utils.common:read_yaml:35 | YAML file read successfully from params.yaml
2025-07-15 09:40:25 | INFO     | cnnClassifier.utils.common:read_yaml:47 | YAML file content: {'AUGMENTATION': True, 'IMAGE_SIZE': [224, 224, 3], 'BATCH_SIZE': 16, 'INCLUDE_TOP': False, 'EPOCHS': 15, 'CLASSES': 3, 'WEIGHTS': 'imagenet', 'LEARNING_RATE': 0.02}
2025-07-15 09:40:25 | INFO     | cnnClassifier.utils.common:create_directories:68 | Created directory: artifacts
2025-07-15 09:40:25 | INFO     | cnnClassifier.utils.common:create_directories:68 | Created directory: artifacts/prepare_base_model
2025-07-15 09:40:26 | INFO     | __main__:<module>:42 | >>>>> stage Prepare Base Model completed <<<<<<<

x==========x
2025-07-15 09:40:26 | INFO     | __main__:<module>:50 | >>>>> stage Model Training started <<<<<<<
2025-07-15 09:40:26 | INFO     | cnnClassifier.utils.common:read_yaml:35 | YAML file read successfully from config/config.yaml
2025-07-15 09:40:26 | INFO     | cnnClassifier.utils.common:read_yaml:47 | YAML file content: {'artifacts_root': 'artifacts', 'data_ingestion': {'root_dir': 'artifacts/data_ingestion', 'source_URL': 'https://drive.google.com/file/d/1tQc-PGonSVSDtfL4HEsd30klq0gXxjqP/view?usp=sharing', 'source_URL_id': '1tQc-PGonSVSDtfL4HEsd30klq0gXxjqP', 'local_data_file': 'artifacts/data_ingestion/data.zip', 'unzip_dir': 'artifacts/data_ingestion'}, 'prepare_base_model': {'root_dir': 'artifacts/prepare_base_model', 'base_model_path': 'artifacts/prepare_base_model/base_model.h5', 'updated_base_model_path': 'artifacts/prepare_base_model/base_model_updated.h5'}, 'training': {'root_dir': 'artifacts/training', 'trained_model_path': 'artifacts/training/model.keras'}}
2025-07-15 09:40:26 | INFO     | cnnClassifier.utils.common:read_yaml:35 | YAML file read successfully from params.yaml
2025-07-15 09:40:26 | INFO     | cnnClassifier.utils.common:read_yaml:47 | YAML file content: {'AUGMENTATION': True, 'IMAGE_SIZE': [224, 224, 3], 'BATCH_SIZE': 16, 'INCLUDE_TOP': False, 'EPOCHS': 15, 'CLASSES': 3, 'WEIGHTS': 'imagenet', 'LEARNING_RATE': 0.02}
2025-07-15 09:40:26 | INFO     | cnnClassifier.utils.common:create_directories:68 | Created directory: artifacts
2025-07-15 09:40:26 | INFO     | cnnClassifier.utils.common:create_directories:68 | Created directory: artifacts/training
2025-07-15 09:50:07 | INFO     | __main__:<module>:53 | >>>>> stage Model Training completed <<<<<<<

x==========x
2025-07-15 09:50:07 | INFO     | __main__:<module>:61 | >>>>> stage Model Evaluation started <<<<<<<
2025-07-15 09:50:07 | INFO     | cnnClassifier.utils.common:read_yaml:35 | YAML file read successfully from config/config.yaml
2025-07-15 09:50:07 | INFO     | cnnClassifier.utils.common:read_yaml:47 | YAML file content: {'artifacts_root': 'artifacts', 'data_ingestion': {'root_dir': 'artifacts/data_ingestion', 'source_URL': 'https://drive.google.com/file/d/1tQc-PGonSVSDtfL4HEsd30klq0gXxjqP/view?usp=sharing', 'source_URL_id': '1tQc-PGonSVSDtfL4HEsd30klq0gXxjqP', 'local_data_file': 'artifacts/data_ingestion/data.zip', 'unzip_dir': 'artifacts/data_ingestion'}, 'prepare_base_model': {'root_dir': 'artifacts/prepare_base_model', 'base_model_path': 'artifacts/prepare_base_model/base_model.h5', 'updated_base_model_path': 'artifacts/prepare_base_model/base_model_updated.h5'}, 'training': {'root_dir': 'artifacts/training', 'trained_model_path': 'artifacts/training/model.keras'}}
2025-07-15 09:50:07 | INFO     | cnnClassifier.utils.common:read_yaml:35 | YAML file read successfully from params.yaml
2025-07-15 09:50:07 | INFO     | cnnClassifier.utils.common:read_yaml:47 | YAML file content: {'AUGMENTATION': True, 'IMAGE_SIZE': [224, 224, 3], 'BATCH_SIZE': 16, 'INCLUDE_TOP': False, 'EPOCHS': 15, 'CLASSES': 3, 'WEIGHTS': 'imagenet', 'LEARNING_RATE': 0.02}
2025-07-15 09:50:07 | INFO     | cnnClassifier.utils.common:create_directories:68 | Created directory: artifacts
2025-07-15 09:50:17 | INFO     | cnnClassifier.utils.common:save_json:81 | JSON file saved at scores.json
2025-07-15 09:50:17 | INFO     | cnnClassifier.utils.common:save_json:81 | JSON file saved at scores.json
2025-07-15 09:50:17 | INFO     | __main__:<module>:64 | >>>>> stage Model Evaluation completed <<<<<<<

x==========x
2025-07-15 09:59:59 | INFO     | __main__:<module>:39 | >>>>> stage Prepare Base Model started <<<<<<<
2025-07-15 09:59:59 | INFO     | cnnClassifier.utils.common:read_yaml:35 | YAML file read successfully from config/config.yaml
2025-07-15 09:59:59 | INFO     | cnnClassifier.utils.common:read_yaml:47 | YAML file content: {'artifacts_root': 'artifacts', 'data_ingestion': {'root_dir': 'artifacts/data_ingestion', 'source_URL': 'https://drive.google.com/file/d/1tQc-PGonSVSDtfL4HEsd30klq0gXxjqP/view?usp=sharing', 'source_URL_id': '1tQc-PGonSVSDtfL4HEsd30klq0gXxjqP', 'local_data_file': 'artifacts/data_ingestion/data.zip', 'unzip_dir': 'artifacts/data_ingestion'}, 'prepare_base_model': {'root_dir': 'artifacts/prepare_base_model', 'base_model_path': 'artifacts/prepare_base_model/base_model.h5', 'updated_base_model_path': 'artifacts/prepare_base_model/base_model_updated.h5'}, 'training': {'root_dir': 'artifacts/training', 'trained_model_path': 'artifacts/training/model.keras'}}
2025-07-15 09:59:59 | INFO     | cnnClassifier.utils.common:read_yaml:35 | YAML file read successfully from params.yaml
2025-07-15 09:59:59 | INFO     | cnnClassifier.utils.common:read_yaml:47 | YAML file content: {'AUGMENTATION': True, 'IMAGE_SIZE': [224, 224, 3], 'BATCH_SIZE': 16, 'INCLUDE_TOP': False, 'EPOCHS': 50, 'CLASSES': 3, 'WEIGHTS': 'imagenet', 'LEARNING_RATE': 0.01}
2025-07-15 09:59:59 | INFO     | cnnClassifier.utils.common:create_directories:68 | Created directory: artifacts
2025-07-15 09:59:59 | INFO     | cnnClassifier.utils.common:create_directories:68 | Created directory: artifacts/prepare_base_model
2025-07-15 10:00:00 | INFO     | __main__:<module>:42 | >>>>> stage Prepare Base Model completed <<<<<<<

x==========x
2025-07-15 10:00:00 | INFO     | __main__:<module>:50 | >>>>> stage Model Training started <<<<<<<
2025-07-15 10:00:00 | INFO     | cnnClassifier.utils.common:read_yaml:35 | YAML file read successfully from config/config.yaml
2025-07-15 10:00:00 | INFO     | cnnClassifier.utils.common:read_yaml:47 | YAML file content: {'artifacts_root': 'artifacts', 'data_ingestion': {'root_dir': 'artifacts/data_ingestion', 'source_URL': 'https://drive.google.com/file/d/1tQc-PGonSVSDtfL4HEsd30klq0gXxjqP/view?usp=sharing', 'source_URL_id': '1tQc-PGonSVSDtfL4HEsd30klq0gXxjqP', 'local_data_file': 'artifacts/data_ingestion/data.zip', 'unzip_dir': 'artifacts/data_ingestion'}, 'prepare_base_model': {'root_dir': 'artifacts/prepare_base_model', 'base_model_path': 'artifacts/prepare_base_model/base_model.h5', 'updated_base_model_path': 'artifacts/prepare_base_model/base_model_updated.h5'}, 'training': {'root_dir': 'artifacts/training', 'trained_model_path': 'artifacts/training/model.keras'}}
2025-07-15 10:00:00 | INFO     | cnnClassifier.utils.common:read_yaml:35 | YAML file read successfully from params.yaml
2025-07-15 10:00:00 | INFO     | cnnClassifier.utils.common:read_yaml:47 | YAML file content: {'AUGMENTATION': True, 'IMAGE_SIZE': [224, 224, 3], 'BATCH_SIZE': 16, 'INCLUDE_TOP': False, 'EPOCHS': 50, 'CLASSES': 3, 'WEIGHTS': 'imagenet', 'LEARNING_RATE': 0.01}
2025-07-15 10:00:00 | INFO     | cnnClassifier.utils.common:create_directories:68 | Created directory: artifacts
2025-07-15 10:00:00 | INFO     | cnnClassifier.utils.common:create_directories:68 | Created directory: artifacts/training
2025-07-15 10:30:19 | INFO     | __main__:<module>:53 | >>>>> stage Model Training completed <<<<<<<

x==========x
2025-07-15 10:30:19 | INFO     | __main__:<module>:61 | >>>>> stage Model Evaluation started <<<<<<<
2025-07-15 10:30:19 | INFO     | cnnClassifier.utils.common:read_yaml:35 | YAML file read successfully from config/config.yaml
2025-07-15 10:30:19 | INFO     | cnnClassifier.utils.common:read_yaml:47 | YAML file content: {'artifacts_root': 'artifacts', 'data_ingestion': {'root_dir': 'artifacts/data_ingestion', 'source_URL': 'https://drive.google.com/file/d/1tQc-PGonSVSDtfL4HEsd30klq0gXxjqP/view?usp=sharing', 'source_URL_id': '1tQc-PGonSVSDtfL4HEsd30klq0gXxjqP', 'local_data_file': 'artifacts/data_ingestion/data.zip', 'unzip_dir': 'artifacts/data_ingestion'}, 'prepare_base_model': {'root_dir': 'artifacts/prepare_base_model', 'base_model_path': 'artifacts/prepare_base_model/base_model.h5', 'updated_base_model_path': 'artifacts/prepare_base_model/base_model_updated.h5'}, 'training': {'root_dir': 'artifacts/training', 'trained_model_path': 'artifacts/training/model.keras'}}
2025-07-15 10:30:19 | INFO     | cnnClassifier.utils.common:read_yaml:35 | YAML file read successfully from params.yaml
2025-07-15 10:30:19 | INFO     | cnnClassifier.utils.common:read_yaml:47 | YAML file content: {'AUGMENTATION': True, 'IMAGE_SIZE': [224, 224, 3], 'BATCH_SIZE': 16, 'INCLUDE_TOP': False, 'EPOCHS': 50, 'CLASSES': 3, 'WEIGHTS': 'imagenet', 'LEARNING_RATE': 0.01}
2025-07-15 10:30:19 | INFO     | cnnClassifier.utils.common:create_directories:68 | Created directory: artifacts
2025-07-15 10:30:28 | INFO     | cnnClassifier.utils.common:save_json:81 | JSON file saved at scores.json
2025-07-15 10:30:28 | INFO     | cnnClassifier.utils.common:save_json:81 | JSON file saved at scores.json
2025-07-15 10:30:29 | INFO     | __main__:<module>:64 | >>>>> stage Model Evaluation completed <<<<<<<

x==========x
2025-07-15 10:37:07 | INFO     | __main__:<module>:39 | >>>>> stage Prepare Base Model started <<<<<<<
2025-07-15 10:37:07 | INFO     | cnnClassifier.utils.common:read_yaml:35 | YAML file read successfully from config/config.yaml
2025-07-15 10:37:07 | INFO     | cnnClassifier.utils.common:read_yaml:47 | YAML file content: {'artifacts_root': 'artifacts', 'data_ingestion': {'root_dir': 'artifacts/data_ingestion', 'source_URL': 'https://drive.google.com/file/d/1tQc-PGonSVSDtfL4HEsd30klq0gXxjqP/view?usp=sharing', 'source_URL_id': '1tQc-PGonSVSDtfL4HEsd30klq0gXxjqP', 'local_data_file': 'artifacts/data_ingestion/data.zip', 'unzip_dir': 'artifacts/data_ingestion'}, 'prepare_base_model': {'root_dir': 'artifacts/prepare_base_model', 'base_model_path': 'artifacts/prepare_base_model/base_model.h5', 'updated_base_model_path': 'artifacts/prepare_base_model/base_model_updated.h5'}, 'training': {'root_dir': 'artifacts/training', 'trained_model_path': 'artifacts/training/model.keras'}}
2025-07-15 10:37:07 | INFO     | cnnClassifier.utils.common:read_yaml:35 | YAML file read successfully from params.yaml
2025-07-15 10:37:07 | INFO     | cnnClassifier.utils.common:read_yaml:47 | YAML file content: {'AUGMENTATION': True, 'IMAGE_SIZE': [224, 224, 3], 'BATCH_SIZE': 16, 'INCLUDE_TOP': False, 'EPOCHS': 80, 'CLASSES': 3, 'WEIGHTS': 'imagenet', 'LEARNING_RATE': 0.01}
2025-07-15 10:37:07 | INFO     | cnnClassifier.utils.common:create_directories:68 | Created directory: artifacts
2025-07-15 10:37:07 | INFO     | cnnClassifier.utils.common:create_directories:68 | Created directory: artifacts/prepare_base_model
2025-07-15 10:37:07 | INFO     | __main__:<module>:42 | >>>>> stage Prepare Base Model completed <<<<<<<

x==========x
2025-07-15 10:37:07 | INFO     | __main__:<module>:50 | >>>>> stage Model Training started <<<<<<<
2025-07-15 10:37:07 | INFO     | cnnClassifier.utils.common:read_yaml:35 | YAML file read successfully from config/config.yaml
2025-07-15 10:37:07 | INFO     | cnnClassifier.utils.common:read_yaml:47 | YAML file content: {'artifacts_root': 'artifacts', 'data_ingestion': {'root_dir': 'artifacts/data_ingestion', 'source_URL': 'https://drive.google.com/file/d/1tQc-PGonSVSDtfL4HEsd30klq0gXxjqP/view?usp=sharing', 'source_URL_id': '1tQc-PGonSVSDtfL4HEsd30klq0gXxjqP', 'local_data_file': 'artifacts/data_ingestion/data.zip', 'unzip_dir': 'artifacts/data_ingestion'}, 'prepare_base_model': {'root_dir': 'artifacts/prepare_base_model', 'base_model_path': 'artifacts/prepare_base_model/base_model.h5', 'updated_base_model_path': 'artifacts/prepare_base_model/base_model_updated.h5'}, 'training': {'root_dir': 'artifacts/training', 'trained_model_path': 'artifacts/training/model.keras'}}
2025-07-15 10:37:07 | INFO     | cnnClassifier.utils.common:read_yaml:35 | YAML file read successfully from params.yaml
2025-07-15 10:37:07 | INFO     | cnnClassifier.utils.common:read_yaml:47 | YAML file content: {'AUGMENTATION': True, 'IMAGE_SIZE': [224, 224, 3], 'BATCH_SIZE': 16, 'INCLUDE_TOP': False, 'EPOCHS': 80, 'CLASSES': 3, 'WEIGHTS': 'imagenet', 'LEARNING_RATE': 0.01}
2025-07-15 10:37:07 | INFO     | cnnClassifier.utils.common:create_directories:68 | Created directory: artifacts
2025-07-15 10:37:07 | INFO     | cnnClassifier.utils.common:create_directories:68 | Created directory: artifacts/training
2025-07-15 11:25:13 | INFO     | __main__:<module>:53 | >>>>> stage Model Training completed <<<<<<<

x==========x
2025-07-15 11:25:13 | INFO     | __main__:<module>:61 | >>>>> stage Model Evaluation started <<<<<<<
2025-07-15 11:25:13 | INFO     | cnnClassifier.utils.common:read_yaml:35 | YAML file read successfully from config/config.yaml
2025-07-15 11:25:13 | INFO     | cnnClassifier.utils.common:read_yaml:47 | YAML file content: {'artifacts_root': 'artifacts', 'data_ingestion': {'root_dir': 'artifacts/data_ingestion', 'source_URL': 'https://drive.google.com/file/d/1tQc-PGonSVSDtfL4HEsd30klq0gXxjqP/view?usp=sharing', 'source_URL_id': '1tQc-PGonSVSDtfL4HEsd30klq0gXxjqP', 'local_data_file': 'artifacts/data_ingestion/data.zip', 'unzip_dir': 'artifacts/data_ingestion'}, 'prepare_base_model': {'root_dir': 'artifacts/prepare_base_model', 'base_model_path': 'artifacts/prepare_base_model/base_model.h5', 'updated_base_model_path': 'artifacts/prepare_base_model/base_model_updated.h5'}, 'training': {'root_dir': 'artifacts/training', 'trained_model_path': 'artifacts/training/model.keras'}}
2025-07-15 11:25:13 | INFO     | cnnClassifier.utils.common:read_yaml:35 | YAML file read successfully from params.yaml
2025-07-15 11:25:13 | INFO     | cnnClassifier.utils.common:read_yaml:47 | YAML file content: {'AUGMENTATION': True, 'IMAGE_SIZE': [224, 224, 3], 'BATCH_SIZE': 16, 'INCLUDE_TOP': False, 'EPOCHS': 80, 'CLASSES': 3, 'WEIGHTS': 'imagenet', 'LEARNING_RATE': 0.01}
2025-07-15 11:25:13 | INFO     | cnnClassifier.utils.common:create_directories:68 | Created directory: artifacts
2025-07-15 11:25:23 | INFO     | cnnClassifier.utils.common:save_json:81 | JSON file saved at scores.json
2025-07-15 11:25:23 | INFO     | cnnClassifier.utils.common:save_json:81 | JSON file saved at scores.json
2025-07-15 11:25:23 | INFO     | __main__:<module>:64 | >>>>> stage Model Evaluation completed <<<<<<<

x==========x
2025-07-15 13:38:42 | INFO     | __main__:<module>:39 | >>>>> stage Prepare Base Model started <<<<<<<
2025-07-15 13:38:42 | INFO     | cnnClassifier.utils.common:read_yaml:35 | YAML file read successfully from config/config.yaml
2025-07-15 13:38:42 | INFO     | cnnClassifier.utils.common:read_yaml:47 | YAML file content: {'artifacts_root': 'artifacts', 'data_ingestion': {'root_dir': 'artifacts/data_ingestion', 'source_URL': 'https://drive.google.com/file/d/1tQc-PGonSVSDtfL4HEsd30klq0gXxjqP/view?usp=sharing', 'source_URL_id': '1tQc-PGonSVSDtfL4HEsd30klq0gXxjqP', 'local_data_file': 'artifacts/data_ingestion/data.zip', 'unzip_dir': 'artifacts/data_ingestion'}, 'prepare_base_model': {'root_dir': 'artifacts/prepare_base_model', 'base_model_path': 'artifacts/prepare_base_model/base_model.h5', 'updated_base_model_path': 'artifacts/prepare_base_model/base_model_updated.h5'}, 'training': {'root_dir': 'artifacts/training', 'trained_model_path': 'artifacts/training/model.keras'}}
2025-07-15 13:38:42 | INFO     | cnnClassifier.utils.common:read_yaml:35 | YAML file read successfully from params.yaml
2025-07-15 13:38:42 | INFO     | cnnClassifier.utils.common:read_yaml:47 | YAML file content: {'AUGMENTATION': False, 'IMAGE_SIZE': [224, 224, 3], 'BATCH_SIZE': 16, 'INCLUDE_TOP': False, 'EPOCHS': 80, 'CLASSES': 3, 'WEIGHTS': 'imagenet', 'LEARNING_RATE': 0.01}
2025-07-15 13:38:42 | INFO     | cnnClassifier.utils.common:create_directories:68 | Created directory: artifacts
2025-07-15 13:38:42 | INFO     | cnnClassifier.utils.common:create_directories:68 | Created directory: artifacts/prepare_base_model
2025-07-15 13:38:43 | INFO     | __main__:<module>:42 | >>>>> stage Prepare Base Model completed <<<<<<<

x==========x
2025-07-15 13:38:43 | INFO     | __main__:<module>:50 | >>>>> stage Model Training started <<<<<<<
2025-07-15 13:38:43 | INFO     | cnnClassifier.utils.common:read_yaml:35 | YAML file read successfully from config/config.yaml
2025-07-15 13:38:43 | INFO     | cnnClassifier.utils.common:read_yaml:47 | YAML file content: {'artifacts_root': 'artifacts', 'data_ingestion': {'root_dir': 'artifacts/data_ingestion', 'source_URL': 'https://drive.google.com/file/d/1tQc-PGonSVSDtfL4HEsd30klq0gXxjqP/view?usp=sharing', 'source_URL_id': '1tQc-PGonSVSDtfL4HEsd30klq0gXxjqP', 'local_data_file': 'artifacts/data_ingestion/data.zip', 'unzip_dir': 'artifacts/data_ingestion'}, 'prepare_base_model': {'root_dir': 'artifacts/prepare_base_model', 'base_model_path': 'artifacts/prepare_base_model/base_model.h5', 'updated_base_model_path': 'artifacts/prepare_base_model/base_model_updated.h5'}, 'training': {'root_dir': 'artifacts/training', 'trained_model_path': 'artifacts/training/model.keras'}}
2025-07-15 13:38:43 | INFO     | cnnClassifier.utils.common:read_yaml:35 | YAML file read successfully from params.yaml
2025-07-15 13:38:43 | INFO     | cnnClassifier.utils.common:read_yaml:47 | YAML file content: {'AUGMENTATION': False, 'IMAGE_SIZE': [224, 224, 3], 'BATCH_SIZE': 16, 'INCLUDE_TOP': False, 'EPOCHS': 80, 'CLASSES': 3, 'WEIGHTS': 'imagenet', 'LEARNING_RATE': 0.01}
2025-07-15 13:38:43 | INFO     | cnnClassifier.utils.common:create_directories:68 | Created directory: artifacts
2025-07-15 13:38:43 | INFO     | cnnClassifier.utils.common:create_directories:68 | Created directory: artifacts/training
2025-07-15 14:27:38 | INFO     | __main__:<module>:53 | >>>>> stage Model Training completed <<<<<<<

x==========x
2025-07-15 14:27:38 | INFO     | __main__:<module>:61 | >>>>> stage Model Evaluation started <<<<<<<
2025-07-15 14:27:38 | INFO     | cnnClassifier.utils.common:read_yaml:35 | YAML file read successfully from config/config.yaml
2025-07-15 14:27:38 | INFO     | cnnClassifier.utils.common:read_yaml:47 | YAML file content: {'artifacts_root': 'artifacts', 'data_ingestion': {'root_dir': 'artifacts/data_ingestion', 'source_URL': 'https://drive.google.com/file/d/1tQc-PGonSVSDtfL4HEsd30klq0gXxjqP/view?usp=sharing', 'source_URL_id': '1tQc-PGonSVSDtfL4HEsd30klq0gXxjqP', 'local_data_file': 'artifacts/data_ingestion/data.zip', 'unzip_dir': 'artifacts/data_ingestion'}, 'prepare_base_model': {'root_dir': 'artifacts/prepare_base_model', 'base_model_path': 'artifacts/prepare_base_model/base_model.h5', 'updated_base_model_path': 'artifacts/prepare_base_model/base_model_updated.h5'}, 'training': {'root_dir': 'artifacts/training', 'trained_model_path': 'artifacts/training/model.keras'}}
2025-07-15 14:27:38 | INFO     | cnnClassifier.utils.common:read_yaml:35 | YAML file read successfully from params.yaml
2025-07-15 14:27:38 | INFO     | cnnClassifier.utils.common:read_yaml:47 | YAML file content: {'AUGMENTATION': False, 'IMAGE_SIZE': [224, 224, 3], 'BATCH_SIZE': 16, 'INCLUDE_TOP': False, 'EPOCHS': 80, 'CLASSES': 3, 'WEIGHTS': 'imagenet', 'LEARNING_RATE': 0.01}
2025-07-15 14:27:38 | INFO     | cnnClassifier.utils.common:create_directories:68 | Created directory: artifacts
2025-07-15 14:27:47 | INFO     | cnnClassifier.utils.common:save_json:81 | JSON file saved at scores.json
2025-07-15 14:27:47 | INFO     | cnnClassifier.utils.common:save_json:81 | JSON file saved at scores.json
2025-07-15 14:27:48 | INFO     | __main__:<module>:64 | >>>>> stage Model Evaluation completed <<<<<<<

x==========x
